
> jewellery_frontend@0.1.0 build
> next build

  Γû▓ Next.js 14.2.35

   Creating an optimized production build ...
 Γ£ô Compiled successfully
   Linting and checking validity of types ...
node.exe : 
At C:\Program 
Files\nodejs\npm.ps1:29 
char:3
+   & $NODE_EXE $NPM_CLI_JS 
$args
+   ~~~~~~~~~~~~~~~~~~~~~~~~
~~~~~
    + CategoryInfo          
    : NotSpecified: (:Stri  
  ng) [], RemoteException
    + FullyQualifiedErrorId 
    : NativeCommandError
 
Failed to compile.

./src/app/about/page.tsx
28:100  Error: `'` can be 
escaped with `&apos;`, 
`&lsquo;`, `&#39;`, 
`&rsquo;`.  
react/no-unescaped-entities
41:29  Warning: Using 
`<img>` could result in 
slower LCP and higher 
bandwidth. Consider using 
`<Image />` from 
`next/image` to 
automatically optimize 
images. This may incur 
additional usage or cost 
from your provider. See: htt
ps://nextjs.org/docs/message
s/no-img-element  
@next/next/no-img-element
42:29  Warning: Using 
`<img>` could result in 
slower LCP and higher 
bandwidth. Consider using 
`<Image />` from 
`next/image` to 
automatically optimize 
images. This may incur 
additional usage or cost 
from your provider. See: htt
ps://nextjs.org/docs/message
s/no-img-element  
@next/next/no-img-element
43:29  Warning: Using 
`<img>` could result in 
slower LCP and higher 
bandwidth. Consider using 
`<Image />` from 
`next/image` to 
automatically optimize 
images. This may incur 
additional usage or cost 
from your provider. See: htt
ps://nextjs.org/docs/message
s/no-img-element  
@next/next/no-img-element
44:29  Warning: Using 
`<img>` could result in 
slower LCP and higher 
bandwidth. Consider using 
`<Image />` from 
`next/image` to 
automatically optimize 
images. This may incur 
additional usage or cost 
from your provider. See: htt
ps://nextjs.org/docs/message
s/no-img-element  
@next/next/no-img-element

./src/app/admin/page.tsx
11:5  Error: 'Search' is 
defined but never used.  @ty
pescript-eslint/no-unused-va
rs
119:37  Warning: Using 
`<img>` could result in 
slower LCP and higher 
bandwidth. Consider using 
`<Image />` from 
`next/image` to 
automatically optimize 
images. This may incur 
additional usage or cost 
from your provider. See: htt
ps://nextjs.org/docs/message
s/no-img-element  
@next/next/no-img-element

./src/app/cart/page.tsx
39:49  Warning: Using 
`<img>` could result in 
slower LCP and higher 
bandwidth. Consider using 
`<Image />` from 
`next/image` to 
automatically optimize 
images. This may incur 
additional usage or cost 
from your provider. See: htt
ps://nextjs.org/docs/message
s/no-img-element  
@next/next/no-img-element

./src/app/contact/page.tsx
14:57  Error: `'` can be 
escaped with `&apos;`, 
`&lsquo;`, `&#39;`, 
`&rsquo;`.  
react/no-unescaped-entities

./src/app/page.tsx
65:15  Warning: Using 
`<img>` could result in 
slower LCP and higher 
bandwidth. Consider using 
`<Image />` from 
`next/image` to 
automatically optimize 
images. This may incur 
additional usage or cost 
from your provider. See: htt
ps://nextjs.org/docs/message
s/no-img-element  
@next/next/no-img-element
139:19  Warning: Using 
`<img>` could result in 
slower LCP and higher 
bandwidth. Consider using 
`<Image />` from 
`next/image` to 
automatically optimize 
images. This may incur 
additional usage or cost 
from your provider. See: htt
ps://nextjs.org/docs/message
s/no-img-element  
@next/next/no-img-element

./src/app/shop/page.tsx
7:10  Error: 'ChevronDown' 
is defined but never used.  
@typescript-eslint/no-unused
-vars

./src/app/shop/[id]/page.tsx
79:37  Warning: Using 
`<img>` could result in 
slower LCP and higher 
bandwidth. Consider using 
`<Image />` from 
`next/image` to 
automatically optimize 
images. This may incur 
additional usage or cost 
from your provider. See: htt
ps://nextjs.org/docs/message
s/no-img-element  
@next/next/no-img-element
86:29  Warning: Using 
`<img>` could result in 
slower LCP and higher 
bandwidth. Consider using 
`<Image />` from 
`next/image` to 
automatically optimize 
images. This may incur 
additional usage or cost 
from your provider. See: htt
ps://nextjs.org/docs/message
s/no-img-element  
@next/next/no-img-element

./src/components/admin/Admin
Sidebar.tsx
13:5  Error: 'PlusCircle' 
is defined but never used.  
@typescript-eslint/no-unused
-vars

./src/components/layout/Flip
kartNavbar.tsx
5:38  Error: 'ChevronDown' 
is defined but never used.  
@typescript-eslint/no-unused
-vars
5:51  Error: 'MapPin' is 
defined but never used.  @ty
pescript-eslint/no-unused-va
rs

./src/components/ui/Category
Banner.tsx
61:37  Warning: Using 
`<img>` could result in 
slower LCP and higher 
bandwidth. Consider using 
`<Image />` from 
`next/image` to 
automatically optimize 
images. This may incur 
additional usage or cost 
from your provider. See: htt
ps://nextjs.org/docs/message
s/no-img-element  
@next/next/no-img-element

./src/components/ui/DealsSec
tion.tsx
52:33  Warning: Using 
`<img>` could result in 
slower LCP and higher 
bandwidth. Consider using 
`<Image />` from 
`next/image` to 
automatically optimize 
images. This may incur 
additional usage or cost 
from your provider. See: htt
ps://nextjs.org/docs/message
s/no-img-element  
@next/next/no-img-element

./src/components/ui/HeroBann
er.tsx
73:33  Warning: Using 
`<img>` could result in 
slower LCP and higher 
bandwidth. Consider using 
`<Image />` from 
`next/image` to 
automatically optimize 
images. This may incur 
additional usage or cost 
from your provider. See: htt
ps://nextjs.org/docs/message
s/no-img-element  
@next/next/no-img-element

./src/components/ui/ProductC
ard.tsx
4:8  Error: 'Image' is 
defined but never used.  @ty
pescript-eslint/no-unused-va
rs
23:17  Warning: Using 
`<img>` could result in 
slower LCP and higher 
bandwidth. Consider using 
`<Image />` from 
`next/image` to 
automatically optimize 
images. This may incur 
additional usage or cost 
from your provider. See: htt
ps://nextjs.org/docs/message
s/no-img-element  
@next/next/no-img-element

./src/components/ui/ProductC
ardFlipkart.tsx
26:17  Warning: Using 
`<img>` could result in 
slower LCP and higher 
bandwidth. Consider using 
`<Image />` from 
`next/image` to 
automatically optimize 
images. This may incur 
additional usage or cost 
from your provider. See: htt
ps://nextjs.org/docs/message
s/no-img-element  
@next/next/no-img-element

./src/components/ui/ProductC
arousel.tsx
67:37  Warning: Using 
`<img>` could result in 
slower LCP and higher 
bandwidth. Consider using 
`<Image />` from 
`next/image` to 
automatically optimize 
images. This may incur 
additional usage or cost 
from your provider. See: htt
ps://nextjs.org/docs/message
s/no-img-element  
@next/next/no-img-element

info  - Need to disable 
some ESLint rules? Learn 
more here: https://nextjs.or
g/docs/basic-features/eslint
#disabling-rules
